// Jest Snapshot v1, https://goo.gl/fbAQLP

exports[`installation 1`] = `
"<root>
| bin
| | say-hello.exe
| | with-binary-esy-sandbox
| etc
| lib
| | node_modules
| | | with-binary
| | | | _esy
| | | | | bin
| | | | | | esy
| | | | | etc
| | | | | lib
| | | | | | node_modules
| | | | | | | esy
| | | | | | | | _esyInstallCache-3.x.x
| | | | | | | | | v1
| | | | | | | | | | .tmp
| | | | | | | | bin
| | | | | | | | | esy
| | | | | | | | | esy.js
| | | | | | | | node_modules
| | | | | | | | | .bin
| | | | | | | | | | esy-install
| | | | | | | | | @esy-ocaml
| | | | | | | | | | esy-install
| | | | | | | | | | | bin
| | | | | | | | | | | | esy-install
| | | | | | | | | | | | esy-install.js
| | | | | | | | | | | package.json
| | | | | | | | | | esy-opam
| | | | | | | | | | | dist
| | | | | | | | | | | | esy-opam.js
| | | | | | | | | | | | esy-opam.js.flow
| | | | | | | | | | | package.json
| | | | | | | | | | | README.md
| | | | | | | | package.json
| | | | .bin
| | | | | say-hello.exe
| | | | | with-binary-esy-sandbox
| | | | package.json
| | | | postinstall.sh
| | | | prerelease.sh
| | | | r
| | | | | _esyEjectRoot
| | | | | | bin
| | | | | | | fastreplacestring.cpp
| | | | | | | fastreplacestring.exe
| | | | | | | get-store-path
| | | | | | | realpath
| | | | | | | realpath.c
| | | | | | | render-env
| | | | | | | runtime.sh
| | | | | | command-env
| | | | | | eject-env
| | | | | | Makefile
| | | | | | records
| | | | | | | final-install-path-set.txt
| | | | | | | final-install-path-set.txt.in
| | | | | | | store-path.txt
| | | | | | | store-path.txt.in
| | | | | | sandbox.sb.in
| | | | | 3______________________________
| | | | | | i
| | | | | | | with_binary-0.1.0
| | | | | | | | bin
| | | | | | | | | say-hello.exe
| | | | | | | | doc
| | | | | | | | etc
| | | | | | | | lib
| | | | | | | | man
| | | | | | | | sbin
| | | | | | | | share
| | | | | node_modules
| | | | | | .cache
| | | | | | | _esy
| | | | | | | | store
| | | | | | | | | b
| | | | | | | | | i
| | | | | | | | | s
| | | | | package.json
| | | | | say-hello.exe
| | | | | test.js
| | | | records
| | | | | done.txt
| | | | | recordedClientBuildStorePath.txt
| | | | | recordedClientInstallStorePath.txt
| | | | | recordedCoppiedArtifacts.txt
| | | | | recordedServerBuildStorePath.txt"
`;

exports[`installation stdout 1`] = `
"/tmp/TMPDIR/npm/bin/say-hello.exe -> /tmp/TMPDIR/npm/lib/node_modules/with-binary/.bin/say-hello.exe
/tmp/TMPDIR/npm/bin/with-binary-esy-sandbox -> /tmp/TMPDIR/npm/lib/node_modules/with-binary/.bin/with-binary-esy-sandbox

> with-binary@0.1.0 postinstall /tmp/TMPDIR/npm/lib/node_modules/with-binary
> ./postinstall.sh

*** Installing esy for the release...
*** Installing dependencies...
error Could not open cafile: EISDIR: illegal operation on a directory, read
*** Ejecting build environment...
*** Building the release...
[1;37m*** with-binary @ 0.1.0: building from source...[0m
[0;32m*** with-binary @ 0.1.0: build complete[0m
*** Decompressing artefacts...
*** Relocating artefacts to the final destination...
+ with-binary@0.1.0
added 1 package in X.XXXs"
`;

exports[`release 1`] = `
"<root>
| dev
| | .bin
| | | say-hello.exe
| | | with-binary-esy-sandbox
| | package.json
| | postinstall.sh
| | prerelease.sh
| | r
| | | package.json
| | | say-hello.exe
| | | test.js
| | records"
`;

exports[`release stdout 1`] = `
"*** Creating dev-type release for with-binary...
*** Release package created

    Location: _release/dev
    Release Type: dev"
`;
