// Jest Snapshot v1, https://goo.gl/fbAQLP

exports[`installation 1`] = `
"<root>
| bin
| | minimal-esy-sandbox
| etc
| lib
| | node_modules
| | | minimal
| | | | .bin
| | | | | minimal-esy-sandbox
| | | | package.json
| | | | postinstall.sh
| | | | prerelease.sh
| | | | r
| | | | | _esyEjectRoot
| | | | | | bin
| | | | | | | fastreplacestring.cpp
| | | | | | | fastreplacestring.exe
| | | | | | | get-store-path
| | | | | | | realpath
| | | | | | | realpath.c
| | | | | | | render-env
| | | | | | | runtime.sh
| | | | | | command-env
| | | | | | eject-env
| | | | | | Makefile
| | | | | | records
| | | | | | | final-install-path-set.txt
| | | | | | | final-install-path-set.txt.in
| | | | | | | store-path.txt
| | | | | | | store-path.txt.in
| | | | | | sandbox.sb.in
| | | | | 3__________________________________
| | | | | | i
| | | | | | | minimal-0.1.0
| | | | | | | | bin
| | | | | | | | doc
| | | | | | | | etc
| | | | | | | | lib
| | | | | | | | man
| | | | | | | | sbin
| | | | | | | | share
| | | | | node_modules
| | | | | | .cache
| | | | | | | _esy
| | | | | | | | store
| | | | | | | | | b
| | | | | | | | | i
| | | | | | | | | s
| | | | | package.json
| | | | | test.js
| | | | records
| | | | | done.txt
| | | | | recordedClientBuildStorePath.txt
| | | | | recordedClientInstallStorePath.txt
| | | | | recordedCoppiedArtifacts.txt
| | | | | recordedServerBuildStorePath.txt"
`;

exports[`installation stdout 1`] = `
"/tmp/TMPDIR/npm/bin/minimal-esy-sandbox -> /tmp/TMPDIR/npm/lib/node_modules/minimal/.bin/minimal-esy-sandbox

> minimal@0.1.0 postinstall /tmp/TMPDIR/npm/lib/node_modules/minimal
> ./postinstall.sh

*** Decompressing artefacts...
*** Relocating artefacts to the final destination...
+ minimal@0.1.0
added 1 package in X.XXXs"
`;

exports[`release 1`] = `
"<root>
| bin-darwin
| | .bin
| | | minimal-esy-sandbox
| | package.json
| | postinstall.sh
| | prerelease.sh
| | r.tar.gz
| | records
| | | recordedClientBuildStorePath.txt
| | | recordedCoppiedArtifacts.txt
| | | recordedServerBuildStorePath.txt
| | relBinaries
| | | i
| | | | minimal-0.1.0.tar.gz"
`;

exports[`release stdout 1`] = `
"*** Creating bin-type release for minimal...
*** Installing dependencies...
*** Ejecting build environment...
*** Building the release...
[1;37m*** minimal @ 0.1.0: building from source...[0m
[0;32m*** minimal @ 0.1.0: build complete[0m
*** Release package created

    Location: _release/bin-darwin
    Release Type: bin"
`;
