// Jest Snapshot v1, https://goo.gl/fbAQLP

exports[`installation 1`] = `
"<root>
| bin
| | minimal-esy-sandbox
| etc
| lib
| | node_modules
| | | minimal
| | | | .bin
| | | | | minimal-esy-sandbox
| | | | package.json
| | | | postinstall.sh
| | | | prerelease.sh
| | | | r
| | | | | _esyEjectRoot
| | | | | | bin
| | | | | | | fastreplacestring.cpp
| | | | | | | fastreplacestring.exe
| | | | | | | get-store-path
| | | | | | | realpath
| | | | | | | realpath.c
| | | | | | | render-env
| | | | | | | runtime.sh
| | | | | | eject-env
| | | | | | Makefile
| | | | | | records
| | | | | | | final-install-path-set.txt
| | | | | | | final-install-path-set.txt.in
| | | | | | | store-path.txt
| | | | | | | store-path.txt.in
| | | | | | sandbox-env
| | | | | | sandbox.sb
| | | | | | sandbox.sb.in
| | | | | 3__________________________________
| | | | | | i
| | | | | | | minimal-0.1.0
| | | | | | | | bin
| | | | | | | | doc
| | | | | | | | etc
| | | | | | | | lib
| | | | | | | | man
| | | | | | | | sbin
| | | | | | | | share
| | | | | node_modules
| | | | | | .cache
| | | | | | | _esy
| | | | | | | | store
| | | | | | | | | b
| | | | | | | | | i
| | | | | | | | | s
| | | | | package.json
| | | | | test.js
| | | | records
| | | | | done.txt
| | | | | recordedClientBuildStorePath.txt
| | | | | recordedClientInstallStorePath.txt
| | | | | recordedCoppiedArtifacts.txt
| | | | | recordedServerBuildStorePath.txt"
`;

exports[`installation stdout 1`] = `
"/tmp/TMPDIR/npm/bin/minimal-esy-sandbox -> /tmp/TMPDIR/npm/lib/node_modules/minimal/.bin/minimal-esy-sandbox

> minimal@0.1.0 postinstall /tmp/TMPDIR/npm/lib/node_modules/minimal
> ./postinstall.sh

*** Installing esy for the release...
*** Installing dependencies...
error Could not open cafile: EISDIR: illegal operation on a directory, read
*** Ejecting build environment...
*** Building the release...
[0;32m  â†’ [0mminimal @ 0.1.0
[0;32m  â†’ minimal @ 0.1.0: build complete[0m
*** Decompressing artefacts...
*** Relocating artefacts to the final destination...
+ minimal@0.1.0
added 1 package in X.XXXs"
`;

exports[`release 1`] = `
"<root>
| dev
| | .bin
| | | minimal-esy-sandbox
| | package.json
| | postinstall.sh
| | prerelease.sh
| | r
| | | package.json
| | | test.js
| | records"
`;

exports[`release stdout 1`] = `
"*** Creating dev-type release for minimal...
*** Release package created

    Location: _release/dev
    Release Type: dev"
`;
