// Jest Snapshot v1, https://goo.gl/fbAQLP

exports[`installation 1`] = `
"<root>
| bin
| | say-hello.exe
| | with-dep-with-binary-esy-sandbox
| etc
| lib
| | node_modules
| | | with-dep-with-binary
| | | | .bin
| | | | | say-hello.exe
| | | | | with-dep-with-binary-esy-sandbox
| | | | package.json
| | | | postinstall.sh
| | | | prerelease.sh
| | | | records
| | | | | recordedClientBuildStorePath.txt
| | | | | recordedClientInstallStorePath.txt
| | | | | recordedCoppiedArtifacts.txt
| | | | | recordedServerBuildStorePath.txt
| | | | rel
| | | | | 3.x.x_________________
| | | | | | i
| | | | | | | dep-0.1.0
| | | | | | | | bin
| | | | | | | | | say-hello.exe
| | | | | | | | doc
| | | | | | | | etc
| | | | | | | | lib
| | | | | | | | man
| | | | | | | | sbin
| | | | | | | | share
| | | | | | | with_dep_with_binary-0.1.0
| | | | | | | | bin
| | | | | | | | doc
| | | | | | | | etc
| | | | | | | | lib
| | | | | | | | man
| | | | | | | | sbin
| | | | | | | | share
| | | | | dependencies
| | | | | | dep
| | | | | | | package.json
| | | | | | | say-hello.exe
| | | | | node_modules
| | | | | | .cache
| | | | | | | _esy
| | | | | | | | build-eject
| | | | | | | | | bin
| | | | | | | | | | fastreplacestring.cpp
| | | | | | | | | | fastreplacestring.exe
| | | | | | | | | | get-store-path
| | | | | | | | | | realpath
| | | | | | | | | | realpath.c
| | | | | | | | | | render-env
| | | | | | | | | | runtime.sh
| | | | | | | | | command-env
| | | | | | | | | eject-env
| | | | | | | | | Makefile
| | | | | | | | | node_modules
| | | | | | | | | | dep
| | | | | | | | | | | eject-env
| | | | | | | | | | | sandbox.sb.in
| | | | | | | | | records
| | | | | | | | | | final-install-path-set.txt
| | | | | | | | | | final-install-path-set.txt.in
| | | | | | | | | | store-path.txt
| | | | | | | | | | store-path.txt.in
| | | | | | | | | sandbox.sb.in
| | | | | | | | store
| | | | | | | | | b
| | | | | | | | | i
| | | | | | | | | s
| | | | | package.json
| | | | | test.js
| | | | | yarn.lock"
`;

exports[`installation stdout 1`] = `
"/tmp/TMPDIR/npm/bin/say-hello.exe -> /tmp/TMPDIR/npm/lib/node_modules/with-dep-with-binary/.bin/say-hello.exe
/tmp/TMPDIR/npm/bin/with-dep-with-binary-esy-sandbox -> /tmp/TMPDIR/npm/lib/node_modules/with-dep-with-binary/.bin/with-dep-with-binary-esy-sandbox

> with-dep-with-binary@0.1.0 postinstall /tmp/TMPDIR/npm/lib/node_modules/with-dep-with-binary
> ./postinstall.sh

*** Decompressing artefacts...
*** Relocating artefacts to the final destination...
+ with-dep-with-binary@0.1.0
added 1 package in X.XXXs"
`;

exports[`release 1`] = `
"<root>
| bin-darwin
| | .bin
| | | say-hello.exe
| | | with-dep-with-binary-esy-sandbox
| | package.json
| | postinstall.sh
| | prerelease.sh
| | records
| | | recordedClientBuildStorePath.txt
| | | recordedCoppiedArtifacts.txt
| | | recordedServerBuildStorePath.txt
| | rel.tar.gz
| | relBinaries
| | | i
| | | | dep-0.1.0.tar.gz
| | | | with_dep_with_binary-0.1.0.tar.gz"
`;

exports[`release stdout 1`] = `
"*** Creating bin-type release for with-dep-with-binary...
*** Installing esy for the release...
*** Installing dependencies...
*** Building the release...
[1;37m*** dep @ 0.1.0: building from source...[0m
[0;32m*** dep @ 0.1.0: build complete[0m
[1;37m*** with-dep-with-binary @ 0.1.0: building from source...[0m
[0;32m*** with-dep-with-binary @ 0.1.0: build complete[0m"
`;
