// Jest Snapshot v1, https://goo.gl/fbAQLP

exports[`build-sandbox builds a sandbox from a package with deps 1`] = `
Object {
  "buildType": "out-of-source",
  "command": null,
  "dependencies": Map {
    "dep-0.1.0" => Object {
      "buildType": "out-of-source",
      "command": null,
      "dependencies": Map {},
      "errors": Array [],
      "exportedEnv": Object {},
      "id": "dep-0.1.0",
      "name": "dep",
      "packageJson": Object {
        "esy": Object {
          "build": null,
          "buildsInSource": false,
          "exportedEnv": Object {},
        },
        "name": "dep",
        "version": "0.1.0",
      },
      "shouldBePersisted": false,
      "sourcePath": "node_modules/dep",
      "sourceType": "transient",
      "version": "0.1.0",
    },
  },
  "errors": Array [],
  "exportedEnv": Object {},
  "id": "app-0.1.0",
  "name": "app",
  "packageJson": Object {
    "dependencies": Object {
      "dep": "*",
    },
    "esy": Object {
      "build": null,
      "buildsInSource": false,
      "exportedEnv": Object {},
    },
    "name": "app",
    "version": "0.1.0",
  },
  "shouldBePersisted": false,
  "sourcePath": "",
  "sourceType": "transient",
  "version": "0.1.0",
}
`;

exports[`build-sandbox builds a sandbox from a single package 1`] = `
Object {
  "buildType": "out-of-source",
  "command": null,
  "dependencies": Map {},
  "errors": Array [],
  "exportedEnv": Object {},
  "id": "app-0.1.0",
  "name": "app",
  "packageJson": Object {
    "esy": Object {
      "build": null,
      "buildsInSource": false,
      "exportedEnv": Object {},
    },
    "name": "app",
    "version": "0.1.0",
  },
  "shouldBePersisted": false,
  "sourcePath": "",
  "sourceType": "transient",
  "version": "0.1.0",
}
`;

exports[`build-sandbox error: circular deps 1`] = `
Object {
  "buildType": "out-of-source",
  "command": null,
  "dependencies": Map {
    "dep-0.1.0" => Object {
      "buildType": "out-of-source",
      "command": null,
      "dependencies": Map {},
      "errors": Array [
        Object {
          "message": "Circular dependency \\"app\\" found
  At app -> dep",
        },
      ],
      "exportedEnv": Object {},
      "id": "dep-0.1.0",
      "name": "dep",
      "packageJson": Object {
        "dependencies": Object {
          "app": "*",
        },
        "esy": Object {
          "build": null,
          "buildsInSource": false,
          "exportedEnv": Object {},
        },
        "name": "dep",
        "version": "0.1.0",
      },
      "shouldBePersisted": false,
      "sourcePath": "node_modules/dep",
      "sourceType": "transient",
      "version": "0.1.0",
    },
  },
  "errors": Array [
    Object {
      "message": "Circular dependency \\"app\\" found
  At app -> dep",
    },
  ],
  "exportedEnv": Object {},
  "id": "app-0.1.0",
  "name": "app",
  "packageJson": Object {
    "dependencies": Object {
      "dep": "*",
    },
    "esy": Object {
      "build": null,
      "buildsInSource": false,
      "exportedEnv": Object {},
    },
    "name": "app",
    "version": "0.1.0",
  },
  "shouldBePersisted": false,
  "sourcePath": "",
  "sourceType": "transient",
  "version": "0.1.0",
}
`;

exports[`build-sandbox error: missing a dep 1`] = `
Object {
  "buildType": "out-of-source",
  "command": null,
  "dependencies": Map {},
  "errors": Array [
    Object {
      "message": "Cannot resolve \\"dep\\" packages
  At app
  Did you forget to run \\"esy install\\" command?",
    },
  ],
  "exportedEnv": Object {},
  "id": "app-0.1.0",
  "name": "app",
  "packageJson": Object {
    "dependencies": Object {
      "dep": "*",
    },
    "esy": Object {
      "build": null,
      "buildsInSource": false,
      "exportedEnv": Object {},
    },
    "name": "app",
    "version": "0.1.0",
  },
  "shouldBePersisted": false,
  "sourcePath": "",
  "sourceType": "transient",
  "version": "0.1.0",
}
`;
