// Jest Snapshot v1, https://goo.gl/fbAQLP

exports[`Build with optDependencies builds w/ opt dependency installed 1`] = `
"# Build environment for root@link:./package.json

#
# optDep@1.0.0
#
export CAML_LD_LIBRARY_PATH=\\"%esyPrefixPath%/3_________________________________________________________/i/optdep-f9d4268f/stublibs:%esyPrefixPath%/3_________________________________________________________/i/optdep-f9d4268f/lib/stublibs:$CAML_LD_LIBRARY_PATH\\"
export OCAMLPATH=\\"%esyPrefixPath%/3_________________________________________________________/i/optdep-f9d4268f/lib:$OCAMLPATH\\"
export MAN_PATH=\\"%esyPrefixPath%/3_________________________________________________________/i/optdep-f9d4268f/man:$MAN_PATH\\"
export PATH=\\"%esyPrefixPath%/3_________________________________________________________/i/optdep-f9d4268f/bin:$PATH\\"

#
# dep@1.0.0
#
export CAML_LD_LIBRARY_PATH=\\"%esyPrefixPath%/3_________________________________________________________/i/dep-09cf1d25/stublibs:%esyPrefixPath%/3_________________________________________________________/i/dep-09cf1d25/lib/stublibs:$CAML_LD_LIBRARY_PATH\\"
export OCAMLPATH=\\"%esyPrefixPath%/3_________________________________________________________/i/dep-09cf1d25/lib:$OCAMLPATH\\"
export MAN_PATH=\\"%esyPrefixPath%/3_________________________________________________________/i/dep-09cf1d25/man:$MAN_PATH\\"
export PATH=\\"%esyPrefixPath%/3_________________________________________________________/i/dep-09cf1d25/bin:$PATH\\"

#
# root@1.0.0
#
export OCAMLFIND_LDCONF=\\"ignore\\"
export OCAMLFIND_DESTDIR=\\"%projectPath%/_esy/default/store/i/root-fcc61fbb/lib\\"
export cur__etc=\\"%projectPath%/_esy/default/store/i/root-fcc61fbb/etc\\"
export cur__share=\\"%projectPath%/_esy/default/store/i/root-fcc61fbb/share\\"
export cur__toplevel=\\"%projectPath%/_esy/default/store/i/root-fcc61fbb/toplevel\\"
export cur__stublibs=\\"%projectPath%/_esy/default/store/i/root-fcc61fbb/stublibs\\"
export cur__doc=\\"%projectPath%/_esy/default/store/i/root-fcc61fbb/doc\\"
export cur__man=\\"%projectPath%/_esy/default/store/i/root-fcc61fbb/man\\"
export cur__lib=\\"%projectPath%/_esy/default/store/i/root-fcc61fbb/lib\\"
export cur__sbin=\\"%projectPath%/_esy/default/store/i/root-fcc61fbb/sbin\\"
export cur__bin=\\"%projectPath%/_esy/default/store/i/root-fcc61fbb/bin\\"
export cur__install=\\"%projectPath%/_esy/default/store/i/root-fcc61fbb\\"
export cur__target_dir=\\"%projectPath%/_esy/default/store/b/root-fcc61fbb\\"
export cur__original_root=\\"%projectPath%\\"
export cur__root=\\"%projectPath%\\"
export cur__dev=\\"true\\"
export cur__version=\\"1.0.0\\"
export cur__name=\\"root\\"
export DUNE_BUILD_DIR=\\"%projectPath%/_esy/default/store/b/root-fcc61fbb\\"

#
# Built-in
#
export SHELL=\\"env -i /bin/bash --norc --noprofile\\"
export PATH=\\"$PATH:/usr/local/bin:/usr/bin:/bin:/usr/sbin:/sbin\\""
`;

exports[`Build with optDependencies builds w/ opt dependency installed 2`] = `
"# Build environment for dep@path:dep

#
# optDep@1.0.0
#
export CAML_LD_LIBRARY_PATH=\\"%esyPrefixPath%/3_________________________________________________________/i/optdep-f9d4268f/stublibs:%esyPrefixPath%/3_________________________________________________________/i/optdep-f9d4268f/lib/stublibs:$CAML_LD_LIBRARY_PATH\\"
export OCAMLPATH=\\"%esyPrefixPath%/3_________________________________________________________/i/optdep-f9d4268f/lib:$OCAMLPATH\\"
export MAN_PATH=\\"%esyPrefixPath%/3_________________________________________________________/i/optdep-f9d4268f/man:$MAN_PATH\\"
export PATH=\\"%esyPrefixPath%/3_________________________________________________________/i/optdep-f9d4268f/bin:$PATH\\"

#
# dep@1.0.0
#
export OCAMLFIND_LDCONF=\\"ignore\\"
export OCAMLFIND_DESTDIR=\\"%esyPrefixPath%/3_________________________________________________________/s/dep-09cf1d25/lib\\"
export cur__etc=\\"%esyPrefixPath%/3_________________________________________________________/s/dep-09cf1d25/etc\\"
export cur__share=\\"%esyPrefixPath%/3_________________________________________________________/s/dep-09cf1d25/share\\"
export cur__toplevel=\\"%esyPrefixPath%/3_________________________________________________________/s/dep-09cf1d25/toplevel\\"
export cur__stublibs=\\"%esyPrefixPath%/3_________________________________________________________/s/dep-09cf1d25/stublibs\\"
export cur__doc=\\"%esyPrefixPath%/3_________________________________________________________/s/dep-09cf1d25/doc\\"
export cur__man=\\"%esyPrefixPath%/3_________________________________________________________/s/dep-09cf1d25/man\\"
export cur__lib=\\"%esyPrefixPath%/3_________________________________________________________/s/dep-09cf1d25/lib\\"
export cur__sbin=\\"%esyPrefixPath%/3_________________________________________________________/s/dep-09cf1d25/sbin\\"
export cur__bin=\\"%esyPrefixPath%/3_________________________________________________________/s/dep-09cf1d25/bin\\"
export cur__install=\\"%esyPrefixPath%/3_________________________________________________________/s/dep-09cf1d25\\"
export cur__target_dir=\\"%esyPrefixPath%/3_________________________________________________________/b/dep-09cf1d25\\"
export cur__original_root=\\"%esyPrefixPath%/esyi/source/i/dep--67b360d9a56facfd6fc9b90817f589ec\\"
export cur__root=\\"%esyPrefixPath%/esyi/source/i/dep--67b360d9a56facfd6fc9b90817f589ec\\"
export cur__dev=\\"false\\"
export cur__version=\\"1.0.0\\"
export cur__name=\\"dep\\"
export DUNE_BUILD_DIR=\\"%esyPrefixPath%/3_________________________________________________________/b/dep-09cf1d25\\"

#
# Built-in
#
export SHELL=\\"env -i /bin/bash --norc --noprofile\\"
export PATH=\\"$PATH:/usr/local/bin:/usr/bin:/bin:/usr/sbin:/sbin\\""
`;

exports[`Build with optDependencies builds w/o opt dependency installed 1`] = `
"# Build environment for root@link:./package.json

#
# dep@1.0.0
#
export CAML_LD_LIBRARY_PATH=\\"%esyPrefixPath%/3_________________________________________________________/i/dep-53a9a3ba/stublibs:%esyPrefixPath%/3_________________________________________________________/i/dep-53a9a3ba/lib/stublibs:$CAML_LD_LIBRARY_PATH\\"
export OCAMLPATH=\\"%esyPrefixPath%/3_________________________________________________________/i/dep-53a9a3ba/lib:$OCAMLPATH\\"
export MAN_PATH=\\"%esyPrefixPath%/3_________________________________________________________/i/dep-53a9a3ba/man:$MAN_PATH\\"
export PATH=\\"%esyPrefixPath%/3_________________________________________________________/i/dep-53a9a3ba/bin:$PATH\\"

#
# root@1.0.0
#
export OCAMLFIND_LDCONF=\\"ignore\\"
export OCAMLFIND_DESTDIR=\\"%projectPath%/_esy/default/store/i/root-80f266a4/lib\\"
export cur__etc=\\"%projectPath%/_esy/default/store/i/root-80f266a4/etc\\"
export cur__share=\\"%projectPath%/_esy/default/store/i/root-80f266a4/share\\"
export cur__toplevel=\\"%projectPath%/_esy/default/store/i/root-80f266a4/toplevel\\"
export cur__stublibs=\\"%projectPath%/_esy/default/store/i/root-80f266a4/stublibs\\"
export cur__doc=\\"%projectPath%/_esy/default/store/i/root-80f266a4/doc\\"
export cur__man=\\"%projectPath%/_esy/default/store/i/root-80f266a4/man\\"
export cur__lib=\\"%projectPath%/_esy/default/store/i/root-80f266a4/lib\\"
export cur__sbin=\\"%projectPath%/_esy/default/store/i/root-80f266a4/sbin\\"
export cur__bin=\\"%projectPath%/_esy/default/store/i/root-80f266a4/bin\\"
export cur__install=\\"%projectPath%/_esy/default/store/i/root-80f266a4\\"
export cur__target_dir=\\"%projectPath%/_esy/default/store/b/root-80f266a4\\"
export cur__original_root=\\"%projectPath%\\"
export cur__root=\\"%projectPath%\\"
export cur__dev=\\"true\\"
export cur__version=\\"1.0.0\\"
export cur__name=\\"root\\"
export DUNE_BUILD_DIR=\\"%projectPath%/_esy/default/store/b/root-80f266a4\\"

#
# Built-in
#
export SHELL=\\"env -i /bin/bash --norc --noprofile\\"
export PATH=\\"$PATH:/usr/local/bin:/usr/bin:/bin:/usr/sbin:/sbin\\""
`;

exports[`Build with optDependencies builds w/o opt dependency installed 2`] = `
"# Build environment for dep@path:dep

#
# dep@1.0.0
#
export OCAMLFIND_LDCONF=\\"ignore\\"
export OCAMLFIND_DESTDIR=\\"%esyPrefixPath%/3_________________________________________________________/s/dep-53a9a3ba/lib\\"
export cur__etc=\\"%esyPrefixPath%/3_________________________________________________________/s/dep-53a9a3ba/etc\\"
export cur__share=\\"%esyPrefixPath%/3_________________________________________________________/s/dep-53a9a3ba/share\\"
export cur__toplevel=\\"%esyPrefixPath%/3_________________________________________________________/s/dep-53a9a3ba/toplevel\\"
export cur__stublibs=\\"%esyPrefixPath%/3_________________________________________________________/s/dep-53a9a3ba/stublibs\\"
export cur__doc=\\"%esyPrefixPath%/3_________________________________________________________/s/dep-53a9a3ba/doc\\"
export cur__man=\\"%esyPrefixPath%/3_________________________________________________________/s/dep-53a9a3ba/man\\"
export cur__lib=\\"%esyPrefixPath%/3_________________________________________________________/s/dep-53a9a3ba/lib\\"
export cur__sbin=\\"%esyPrefixPath%/3_________________________________________________________/s/dep-53a9a3ba/sbin\\"
export cur__bin=\\"%esyPrefixPath%/3_________________________________________________________/s/dep-53a9a3ba/bin\\"
export cur__install=\\"%esyPrefixPath%/3_________________________________________________________/s/dep-53a9a3ba\\"
export cur__target_dir=\\"%esyPrefixPath%/3_________________________________________________________/b/dep-53a9a3ba\\"
export cur__original_root=\\"%esyPrefixPath%/esyi/source/i/dep--67b360d9a56facfd6fc9b90817f589ec\\"
export cur__root=\\"%esyPrefixPath%/esyi/source/i/dep--67b360d9a56facfd6fc9b90817f589ec\\"
export cur__dev=\\"false\\"
export cur__version=\\"1.0.0\\"
export cur__name=\\"dep\\"
export DUNE_BUILD_DIR=\\"%esyPrefixPath%/3_________________________________________________________/b/dep-53a9a3ba\\"

#
# Built-in
#
export SHELL=\\"env -i /bin/bash --norc --noprofile\\"
export PATH=\\"$PATH:/usr/local/bin:/usr/bin:/bin:/usr/sbin:/sbin\\""
`;
