// Jest Snapshot v1, https://goo.gl/fbAQLP

exports[`build symlinks-into-dep 1`] = `
"RUNNING: esy config ls
esy:bin no .esyrc found
esy:bin prefix: <testRoot>/esy
RUNNING: esy build
esy:bin no .esyrc found
esy:bin prefix: <testRoot>/esy
esy:bin needRebuildTarget <sandbox>/node_modules/.cache/_esy/build/bin/build
esy:bin trying to acquire lock
esy:bin:esyBuild execute
esy:bin trying to acquire lock
esy:bin no .esyrc found
esy:bin prefix: <testRoot>/esy
esy:build-dependencies checking if dependencies are built
RUNNING: esy subdep
esy:bin no .esyrc found
esy:bin prefix: <testRoot>/esy
esy:bin needRebuildTarget <sandbox>/node_modules/.cache/_esy/build/bin/build
RUNNING: esy b subdep
esy:bin no .esyrc found
esy:bin prefix: <testRoot>/esy
esy:bin needRebuildTarget <sandbox>/node_modules/.cache/_esy/build/bin/build
esy:bin trying to acquire lock
esy:bin no .esyrc found
esy:bin prefix: <testRoot>/esy
esy:build-dependencies checking if dependencies are built
RUNNING: esy x subdep
esy:bin no .esyrc found
esy:bin prefix: <testRoot>/esy
esy:bin needRebuildTarget <sandbox>/node_modules/.cache/_esy/build/bin/build
esy:bin trying to acquire lock
esy:bin no .esyrc found
esy:bin prefix: <testRoot>/esy
esy:build-dependencies checking if dependencies are built
RUNNING: esy dep
esy:bin no .esyrc found
esy:bin prefix: <testRoot>/esy
esy:bin needRebuildTarget <sandbox>/node_modules/.cache/_esy/build/bin/build
RUNNING: esy b dep
esy:bin no .esyrc found
esy:bin prefix: <testRoot>/esy
esy:bin needRebuildTarget <sandbox>/node_modules/.cache/_esy/build/bin/build
esy:bin trying to acquire lock
esy:bin no .esyrc found
esy:bin prefix: <testRoot>/esy
esy:build-dependencies checking if dependencies are built
RUNNING: esy x dep
esy:bin no .esyrc found
esy:bin prefix: <testRoot>/esy
esy:bin needRebuildTarget <sandbox>/node_modules/.cache/_esy/build/bin/build
esy:bin trying to acquire lock
esy:bin no .esyrc found
esy:bin prefix: <testRoot>/esy
esy:build-dependencies checking if dependencies are built
RUNNING: esy x symlinks-into-dep
esy:bin no .esyrc found
esy:bin prefix: <testRoot>/esy
esy:bin needRebuildTarget <sandbox>/node_modules/.cache/_esy/build/bin/build
esy:bin trying to acquire lock
esy:bin no .esyrc found
esy:bin prefix: <testRoot>/esy
esy:build-dependencies checking if dependencies are built
RUNNING: esy export-build ../esy/3/i/dep-1.0.0
esy:bin no .esyrc found
esy:bin prefix: <testRoot>/esy
esy:bin no .esyrc found
esy:bin prefix: <testRoot>/esy
RUNNING: tar xzf dep-1.0.0.tar.gz
RUNNING: rm -rf ../esy/3/i/dep-1.0.0
RUNNING: esy import-build ./_export/dep-1.0.0.tar.gz
esy:bin no .esyrc found
esy:bin prefix: <testRoot>/esy
esy:bin no .esyrc found
esy:bin prefix: <testRoot>/esy"
`;
