// Jest Snapshot v1, https://goo.gl/fbAQLP

exports[`build symlinks-into-dep 1`] = `
"RUNNING: esy config ls
esy:bin no .esyrc found
esy:bin prefix: <testRoot>/esy
RUNNING: esy build
esy:bin no .esyrc found
esy:bin prefix: <testRoot>/esy
esy:bin needRebuildTarget <sandbox>/node_modules/.cache/_esy/build/bin/build
esy:bin:esyBuild execute
esy:build:subdep@1.0.0 start building
esy:build:subdep@1.0.0 build success
esy:build:dep@1.0.0 start building
esy:build:dep@1.0.0 build success
esy:bin no .esyrc found
esy:bin prefix: <testRoot>/esy
esy:build-dependencies checking if dependencies are built
RUNNING: esy export-dependencies
esy:bin no .esyrc found
esy:bin prefix: <testRoot>/esy
esy:bin no .esyrc found
esy:bin prefix: <testRoot>/esy
esy:bin no .esyrc found
esy:bin prefix: <testRoot>/esy
esy:bin no .esyrc found
esy:bin prefix: <testRoot>/esy
esy:bin no .esyrc found
esy:bin prefix: <testRoot>/esy
RUNNING: cat list.txt
RUNNING: rm -rf ../esy/3/i/dep-1.0.0 ../esy/3/i/subdep-1.0.0
RUNNING: ls -1 ../esy/3/i/
RUNNING: esy import-build --from ./list.txt
esy:bin no .esyrc found
esy:bin prefix: <testRoot>/esy
esy:bin no .esyrc found
esy:bin prefix: <testRoot>/esy
RUNNING: ls -1 ../esy/3/i/"
`;
