// Jest Snapshot v1, https://goo.gl/fbAQLP

exports[`build stdout 1`] = `
"esy build v0.0.0
[0;32m  â†’ [0mwith-linked-dep @ 1.0.0"
`;

exports[`dep exec stdout 1`] = `"dep-of-with-linked-dep"`;

exports[`esy local prefix dir 1`] = `
"<root>
| build
| | bin
| | | _build
| | | _install
| | | _shell
| | | build
| | | build-dependencies
| | | build-env
| | | command-env
| | | fastreplacestring.cpp
| | | fastreplacestring.exe
| | | install
| | | runtime.sh
| | | sandbox-env
| | | sandbox.sb
| | | shell
| store
| | b
| | | dep_of_with_linked_dep-1.0.0
| | | | _esy
| | | | | env
| | | | | log
| | | | | mtime
| | | | | sandbox.sb
| | | | dep-of-with-linked-dep
| | | with_linked_dep-1.0.0
| | | | _esy
| | | | | log
| | | | with-linked-dep
| | i
| | | dep_of_with_linked_dep-1.0.0
| | | | bin
| | | | | dep-of-with-linked-dep
| | | | doc
| | | | etc
| | | | lib
| | | | man
| | | | sbin
| | | | share
| | | | stublibs
| | s
| | | with_linked_dep-1.0.0
| | | | bin
| | | | doc
| | | | etc
| | | | lib
| | | | man
| | | | sbin
| | | | share"
`;

exports[`esy prefix dir 1`] = `
"<root>
| 3
| | b
| | i
| | s
| 3_____________________________________________________________________
| | b
| | i
| | s"
`;
