// Jest Snapshot v1, https://goo.gl/fbAQLP

exports[`build stdout 1`] = `"esy build v0.0.0"`;

exports[`esy local prefix dir 1`] = `
"<root>
| build
| | bin
| | | _build
| | | _install
| | | _shell
| | | build
| | | build-dependencies
| | | build-env
| | | build-exec
| | | command-env
| | | command-exec
| | | fastreplacestring.cpp
| | | fastreplacestring.exe
| | | install
| | | runtime.sh
| | | sandbox-env
| | | sandbox.sb
| | | shell
| store
| | b
| | | no_deps-1.0.0
| | | | _esy
| | | | no-deps
| | i
| | s
| | | no_deps-1.0.0
| | | | bin
| | | | doc
| | | | etc
| | | | lib
| | | | man
| | | | sbin
| | | | share"
`;

exports[`esy prefix dir 1`] = `
"<root>
| 3
| | b
| | i
| | s
| 3_____________________________________________________________________
| | b
| | i
| | s"
`;
