// Jest Snapshot v1, https://goo.gl/fbAQLP

exports[`build import-archive 1`] = `
"RUNNING: esy config ls
esy:bin using <sandbox>/.esyrc
esy:bin prefix: <testRoot>/esy
RUNNING: esy build
esy:bin using <sandbox>/.esyrc
esy:bin prefix: <testRoot>/esy
esy:bin needRebuildTarget <sandbox>/node_modules/.cache/_esy/build/bin/build
esy:bin trying to acquire lock
esy:bin:esyBuild execute
esy:build:dep@1.0.0 start building
esy:build:dep@1.0.0 testing for import: _export/dep-1.0.0
esy:build:dep@1.0.0 testing for import: _export/dep-1.0.0.tar.gz
esy:build:dep@1.0.0 build success
esy:bin trying to acquire lock
esy:bin using <sandbox>/.esyrc
esy:bin prefix: <testRoot>/esy
esy:build-dependencies checking if dependencies are built
RUNNING: esy export-dependencies
esy:bin using <sandbox>/.esyrc
esy:bin prefix: <testRoot>/esy
esy:bin using <sandbox>/.esyrc
esy:bin prefix: <testRoot>/esy
esy:bin using <sandbox>/.esyrc
esy:bin prefix: <testRoot>/esy
RUNNING: ls _export
RUNNING: rm -rf ../esy
RUNNING: esy build
esy:bin using <sandbox>/.esyrc
esy:bin prefix: <testRoot>/esy
esy:bin needRebuildTarget <sandbox>/node_modules/.cache/_esy/build/bin/build
esy:bin trying to acquire lock
esy:bin using <sandbox>/.esyrc
esy:bin prefix: <testRoot>/esy
esy:build-dependencies checking if dependencies are built
esy:bin:esyBuild execute
esy:build:dep@1.0.0 start building
esy:build:dep@1.0.0 testing for import: _export/dep-1.0.0
esy:build:dep@1.0.0 importing build: _export/dep-1.0.0
esy:build:dep@1.0.0 build success"
`;
