// Jest Snapshot v1, https://goo.gl/fbAQLP

exports[`build with-dev-dep 1`] = `
"RUNNING: esy config ls
esy:bin no .esyrc found
esy:bin prefix: <testRoot>/esy
RUNNING: esy build
esy:bin no .esyrc found
esy:bin prefix: <testRoot>/esy
esy:bin needRebuildTarget <sandbox>/node_modules/.cache/_esy/build/bin/build
esy:bin trying to acquire lock
esy:bin:esyBuild execute
esy:build:dep@1.0.0 start building
esy:build:dev-dep@1.0.0 start building
esy:build:dev-dep@1.0.0 build success
esy:build:dep@1.0.0 build success
esy:bin trying to acquire lock
esy:bin no .esyrc found
esy:bin prefix: <testRoot>/esy
esy:build-dependencies checking if dependencies are built
RUNNING: esy dep
esy:bin no .esyrc found
esy:bin prefix: <testRoot>/esy
esy:bin needRebuildTarget <sandbox>/node_modules/.cache/_esy/build/bin/build
RUNNING: esy b dep
esy:bin no .esyrc found
esy:bin prefix: <testRoot>/esy
esy:bin needRebuildTarget <sandbox>/node_modules/.cache/_esy/build/bin/build
esy:bin trying to acquire lock
esy:bin no .esyrc found
esy:bin prefix: <testRoot>/esy
esy:build-dependencies checking if dependencies are built
RUNNING: esy x dep
esy:bin no .esyrc found
esy:bin prefix: <testRoot>/esy
esy:bin needRebuildTarget <sandbox>/node_modules/.cache/_esy/build/bin/build
esy:bin trying to acquire lock
esy:bin no .esyrc found
esy:bin prefix: <testRoot>/esy
esy:build-dependencies checking if dependencies are built
RUNNING: esy dev-dep
esy:bin no .esyrc found
esy:bin prefix: <testRoot>/esy
esy:bin needRebuildTarget <sandbox>/node_modules/.cache/_esy/build/bin/build
esy:bin no .esyrc found
esy:bin prefix: <testRoot>/esy
esy:bin needRebuildTarget <sandbox>/node_modules/.cache/_esy/build/bin/build
esy:bin trying to acquire lock
esy:bin no .esyrc found
esy:bin prefix: <testRoot>/esy
esy:build-dependencies checking if dependencies are built
esy:bin no .esyrc found
esy:bin prefix: <testRoot>/esy
esy:bin needRebuildTarget <sandbox>/node_modules/.cache/_esy/build/bin/build
esy:bin trying to acquire lock
esy:bin no .esyrc found
esy:bin prefix: <testRoot>/esy
esy:build-dependencies checking if dependencies are built
RUNNING: esy x with-dev-dep
esy:bin no .esyrc found
esy:bin prefix: <testRoot>/esy
esy:bin needRebuildTarget <sandbox>/node_modules/.cache/_esy/build/bin/build
esy:bin trying to acquire lock
esy:bin no .esyrc found
esy:bin prefix: <testRoot>/esy
esy:build-dependencies checking if dependencies are built"
`;
