// Jest Snapshot v1, https://goo.gl/fbAQLP

exports[`build stdout 1`] = `"esy build v0.0.0"`;

exports[`dep exec stdout 1`] = `"dep"`;

exports[`esy local prefix dir 1`] = `
"<root>
| build
| | bin
| | | _build
| | | _install
| | | _shell
| | | build
| | | build-dependencies
| | | build-env
| | | build-exec
| | | command-env
| | | command-exec
| | | fastreplacestring.cpp
| | | fastreplacestring.exe
| | | install
| | | sandbox-env
| | | sandbox.sb
| | | shell
| | | shell-builder.sh
| store
| | b
| | | with_dep-1.0.0
| | | | _esy
| | | | with-dep
| | i
| | s
| | | with_dep-1.0.0
| | | | bin
| | | | doc
| | | | etc
| | | | lib
| | | | man
| | | | sbin
| | | | share"
`;

exports[`esy prefix dir 1`] = `
"<root>
| 3
| | b
| | | dep-1.0.0
| | | | _esy
| | | | | env
| | | | | idInfo
| | | | | log
| | | | | sandbox.sb
| | | | dep
| | i
| | | dep-1.0.0
| | | | bin
| | | | | dep
| | | | doc
| | | | etc
| | | | lib
| | | | man
| | | | sbin
| | | | share
| | | | stublibs
| | s
| 3_____________________________________________________________________
| | b
| | | dep-1.0.0
| | | | _esy
| | | | | env
| | | | | idInfo
| | | | | log
| | | | | sandbox.sb
| | | | dep
| | i
| | | dep-1.0.0
| | | | bin
| | | | | dep
| | | | doc
| | | | etc
| | | | lib
| | | | man
| | | | sbin
| | | | share
| | | | stublibs
| | s"
`;
