// Jest Snapshot v1, https://goo.gl/fbAQLP

exports[`build no-deps-_build 1`] = `
"RUNNING: esy config ls
esy:bin no .esyrc found
esy:bin prefix: <testRoot>/esy
RUNNING: esy build
esy:bin no .esyrc found
esy:bin prefix: <testRoot>/esy
esy:bin needRebuildTarget <sandbox>/node_modules/.cache/_esy/build/bin/build
esy:bin trying to acquire lock
esy:bin:esyBuild execute
esy:bin trying to acquire lock
esy:bin no .esyrc found
esy:bin prefix: <testRoot>/esy
esy:build-dependencies checking if dependencies are built
RUNNING: ls
RUNNING: ls _build
RUNNING: esy x no-deps-_build
esy:bin no .esyrc found
esy:bin prefix: <testRoot>/esy
esy:bin needRebuildTarget <sandbox>/node_modules/.cache/_esy/build/bin/build
esy:bin trying to acquire lock
esy:bin no .esyrc found
esy:bin prefix: <testRoot>/esy
esy:build-dependencies checking if dependencies are built
RUNNING: esy x no-deps-_build
esy:bin no .esyrc found
esy:bin prefix: <testRoot>/esy
esy:bin needRebuildTarget <sandbox>/node_modules/.cache/_esy/build/bin/build
esy:bin trying to acquire lock
esy:bin no .esyrc found
esy:bin prefix: <testRoot>/esy
esy:build-dependencies checking if dependencies are built"
`;
